C:\Users\89306\.jdks\ms-17.0.16\bin\java.exe -agentlib:jdwp=transport=dt_socket,address=127.0.0.1:63685,suspend=y,server=n -javaagent:C:\Users\89306\AppData\Local\JetBrains\IntelliJIdea2025.1\captureAgent\debugger-agent.jar=file:///C:/Users/89306/AppData/Local/Temp/capture3805889681498001233.props -agentpath:C:\Users\89306\AppData\Local\Temp\idea_libasyncProfiler_dll_temp_folder20677\libasyncProfiler.dll=version,jfr,event=wall,interval=10ms,cstack=no,file=C:\Users\89306\IdeaSnapshots\Main_2025_08_22_000028.jfr,dbghelppath=C:\Users\89306\AppData\Local\Temp\idea_dbghelp_dll_temp_folder\dbghelp.dll,log=C:\Users\89306\AppData\Local\Temp\Main_2025_08_22_000028.jfr.log.txt,logLevel=DEBUG -Dkotlinx.coroutines.debug.enable.creation.stack.trace=false -Ddebugger.agent.enable.coroutines=true -Dkotlinx.coroutines.debug.enable.flows.stack.trace=true -Dkotlinx.coroutines.debug.enable.mutable.state.flows.stack.trace=true -Dfile.encoding=UTF-8 -classpath "D:\Learn\cursor\money_project\game\game1\target\classes;C:\Users\89306\.m2\repository\org\jmonkeyengine\jme3-core\3.5.2-stable\jme3-core-3.5.2-stable.jar;C:\Users\89306\.m2\repository\org\jmonkeyengine\jme3-desktop\3.5.2-stable\jme3-desktop-3.5.2-stable.jar;C:\Users\89306\.m2\repository\org\jmonkeyengine\jme3-lwjgl3\3.5.2-stable\jme3-lwjgl3-3.5.2-stable.jar;C:\Users\89306\.m2\repository\org\jmonkeyengine\jme3-effects\3.5.2-stable\jme3-effects-3.5.2-stable.jar;C:\Users\89306\.m2\repository\org\jmonkeyengine\jme3-plugins\3.5.2-stable\jme3-plugins-3.5.2-stable.jar;C:\Users\89306\.m2\repository\com\google\guava\guava\32.1.2-jre\guava-32.1.2-jre.jar;C:\Users\89306\.m2\repository\org\slf4j\slf4j-api\2.0.9\slf4j-api-2.0.9.jar;C:\Users\89306\.m2\repository\ch\qos\logback\logback-classic\1.4.11\logback-classic-1.4.11.jar;C:\Users\89306\.m2\repository\org\lwjgl\lwjgl\3.3.1\lwjgl-3.3.1.jar;C:\Users\89306\.m2\repository\org\lwjgl\lwjgl-glfw\3.3.1\lwjgl-glfw-3.3.1.jar;C:\Users\89306\.m2\repository\org\lwjgl\lwjgl-jemalloc\3.3.1\lwjgl-jemalloc-3.3.1.jar;C:\Users\89306\.m2\repository\org\lwjgl\lwjgl-openal\3.3.1\lwjgl-openal-3.3.1.jar;C:\Users\89306\.m2\repository\org\lwjgl\lwjgl-opencl\3.3.1\lwjgl-opencl-3.3.1.jar;C:\Users\89306\.m2\repository\org\lwjgl\lwjgl-opengl\3.3.1\lwjgl-opengl-3.3.1.jar;C:\Users\89306\.m2\repository\org\lwjgl\lwjgl\3.3.1\lwjgl-3.3.1-natives-windows.jar;C:\Users\89306\.m2\repository\org\lwjgl\lwjgl\3.3.1\lwjgl-3.3.1-natives-windows-x86.jar;C:\Users\89306\.m2\repository\org\lwjgl\lwjgl\3.3.1\lwjgl-3.3.1-natives-linux.jar;C:\Users\89306\.m2\repository\org\lwjgl\lwjgl\3.3.1\lwjgl-3.3.1-natives-linux-arm32.jar;C:\Users\89306\.m2\repository\org\lwjgl\lwjgl\3.3.1\lwjgl-3.3.1-natives-linux-arm64.jar;C:\Users\89306\.m2\repository\org\lwjgl\lwjgl\3.3.1\lwjgl-3.3.1-natives-macos.jar;C:\Users\89306\.m2\repository\org\lwjgl\lwjgl\3.3.1\lwjgl-3.3.1-natives-macos-arm64.jar;C:\Users\89306\.m2\repository\org\lwjgl\lwjgl-glfw\3.3.1\lwjgl-glfw-3.3.1-natives-windows.jar;C:\Users\89306\.m2\repository\org\lwjgl\lwjgl-glfw\3.3.1\lwjgl-glfw-3.3.1-natives-windows-x86.jar;C:\Users\89306\.m2\repository\org\lwjgl\lwjgl-glfw\3.3.1\lwjgl-glfw-3.3.1-natives-linux.jar;C:\Users\89306\.m2\repository\org\lwjgl\lwjgl-glfw\3.3.1\lwjgl-glfw-3.3.1-natives-linux-arm32.jar;C:\Users\89306\.m2\repository\org\lwjgl\lwjgl-glfw\3.3.1\lwjgl-glfw-3.3.1-natives-linux-arm64.jar;C:\Users\89306\.m2\repository\org\lwjgl\lwjgl-glfw\3.3.1\lwjgl-glfw-3.3.1-natives-macos.jar;C:\Users\89306\.m2\repository\org\lwjgl\lwjgl-glfw\3.3.1\lwjgl-glfw-3.3.1-natives-macos-arm64.jar;C:\Users\89306\.m2\repository\org\lwjgl\lwjgl-jemalloc\3.3.1\lwjgl-jemalloc-3.3.1-natives-windows.jar;C:\Users\89306\.m2\repository\org\lwjgl\lwjgl-jemalloc\3.3.1\lwjgl-jemalloc-3.3.1-natives-windows-x86.jar;C:\Users\89306\.m2\repository\org\lwjgl\lwjgl-jemalloc\3.3.1\lwjgl-jemalloc-3.3.1-natives-linux.jar;C:\Users\89306\.m2\repository\org\lwjgl\lwjgl-jemalloc\3.3.1\lwjgl-jemalloc-3.3.1-natives-linux-arm32.jar;C:\Users\89306\.m2\repository\org\lwjgl\lwjgl-jemalloc\3.3.1\lwjgl-jemalloc-3.3.1-natives-linux-arm64.jar;C:\Users\89306\.m2\repository\org\lwjgl\lwjgl-jemalloc\3.3.1\lwjgl-jemalloc-3.3.1-natives-macos.jar;C:\Users\89306\.m2\repository\org\lwjgl\lwjgl-jemalloc\3.3.1\lwjgl-jemalloc-3.3.1-natives-macos-arm64.jar;C:\Users\89306\.m2\repository\org\lwjgl\lwjgl-opengl\3.3.1\lwjgl-opengl-3.3.1-natives-windows.jar;C:\Users\89306\.m2\repository\org\lwjgl\lwjgl-opengl\3.3.1\lwjgl-opengl-3.3.1-natives-windows-x86.jar;C:\Users\89306\.m2\repository\org\lwjgl\lwjgl-opengl\3.3.1\lwjgl-opengl-3.3.1-natives-linux.jar;C:\Users\89306\.m2\repository\org\lwjgl\lwjgl-opengl\3.3.1\lwjgl-opengl-3.3.1-natives-linux-arm32.jar;C:\Users\89306\.m2\repository\org\lwjgl\lwjgl-opengl\3.3.1\lwjgl-opengl-3.3.1-natives-linux-arm64.jar;C:\Users\89306\.m2\repository\org\lwjgl\lwjgl-opengl\3.3.1\lwjgl-opengl-3.3.1-natives-macos.jar;C:\Users\89306\.m2\repository\org\lwjgl\lwjgl-opengl\3.3.1\lwjgl-opengl-3.3.1-natives-macos-arm64.jar;C:\Users\89306\.m2\repository\org\lwjgl\lwjgl-openal\3.3.1\lwjgl-openal-3.3.1-natives-windows.jar;C:\Users\89306\.m2\repository\org\lwjgl\lwjgl-openal\3.3.1\lwjgl-openal-3.3.1-natives-windows-x86.jar;C:\Users\89306\.m2\repository\org\lwjgl\lwjgl-openal\3.3.1\lwjgl-openal-3.3.1-natives-linux.jar;C:\Users\89306\.m2\repository\org\lwjgl\lwjgl-openal\3.3.1\lwjgl-openal-3.3.1-natives-linux-arm32.jar;C:\Users\89306\.m2\repository\org\lwjgl\lwjgl-openal\3.3.1\lwjgl-openal-3.3.1-natives-linux-arm64.jar;C:\Users\89306\.m2\repository\org\lwjgl\lwjgl-openal\3.3.1\lwjgl-openal-3.3.1-natives-macos.jar;C:\Users\89306\.m2\repository\org\lwjgl\lwjgl-openal\3.3.1\lwjgl-openal-3.3.1-natives-macos-arm64.jar;C:\Users\89306\.m2\repository\com\google\code\gson\gson\2.8.1\gson-2.8.1.jar;C:\Users\89306\.m2\repository\com\google\guava\failureaccess\1.0.1\failureaccess-1.0.1.jar;C:\Users\89306\.m2\repository\com\google\guava\listenablefuture\9999.0-empty-to-avoid-conflict-with-guava\listenablefuture-9999.0-empty-to-avoid-conflict-with-guava.jar;C:\Users\89306\.m2\repository\com\google\code\findbugs\jsr305\3.0.2\jsr305-3.0.2.jar;C:\Users\89306\.m2\repository\org\checkerframework\checker-qual\3.33.0\checker-qual-3.33.0.jar;C:\Users\89306\.m2\repository\com\google\errorprone\error_prone_annotations\2.18.0\error_prone_annotations-2.18.0.jar;C:\Users\89306\.m2\repository\com\google\j2objc\j2objc-annotations\2.8\j2objc-annotations-2.8.jar;C:\Users\89306\.m2\repository\ch\qos\logback\logback-core\1.4.11\logback-core-1.4.11.jar;D:\Software\IntelliJ IDEA 2025.1\lib\idea_rt.jar" com.Hecate.Main
Picked up JAVA_TOOL_OPTIONS: -Djavax.net.ssl.trustStoreType=WINDOWS-ROOT
Connected to the target VM, address: '127.0.0.1:63685', transport: 'socket'
8月 22, 2025 12:00:29 上午 com.jme3.system.JmeDesktopSystem initialize
信息: Running on jMonkeyEngine 3.5.2-stable
 * Branch: HEAD
 * Git Hash: 8ab3d24
 * Build Date: 2022-04-21
libpng warning: iCCP: known incorrect sRGB profile
libpng warning: iCCP: known incorrect sRGB profile
libpng warning: iCCP: known incorrect sRGB profile
libpng warning: iCCP: known incorrect sRGB profile
libpng warning: iCCP: known incorrect sRGB profile
libpng warning: iCCP: known incorrect sRGB profile
libpng warning: iCCP: known incorrect sRGB profile
libpng warning: iCCP: known incorrect sRGB profile
libpng warning: iCCP: known incorrect sRGB profile
libpng warning: iCCP: known incorrect sRGB profile
libpng warning: iCCP: known incorrect sRGB profile
8月 22, 2025 12:00:30 上午 com.jme3.system.lwjgl.LwjglContext printContextInitInfo
信息: LWJGL 3.3.1 build 7 context running on thread jME3 Main
 * Graphics Adapter: GLFW 3.4.0 Win32 WGL Null EGL OSMesa VisualC DLL
8月 22, 2025 12:00:30 上午 com.jme3.renderer.opengl.GLRenderer loadCapabilitiesCommon
信息: OpenGL Renderer Information
 * Vendor: ATI Technologies Inc.
 * Renderer: AMD Radeon 780M Graphics
 * OpenGL Version: 4.6.0 Compatibility Profile Context 23.20.28.03.231124
 * GLSL Version: 4.60
 * Profile: Compatibility
8月 22, 2025 12:00:30 上午 com.jme3.renderer.opengl.GLRenderer setMainFrameBufferSrgb
警告: Driver claims that default framebuffer is not sRGB capable. Enabling anyway.
8月 22, 2025 12:00:30 上午 com.jme3.asset.AssetConfig loadText
警告: Cannot find loader com.jme3.audio.plugins.OGGLoader
8月 22, 2025 12:00:30 上午 com.jme3.audio.openal.ALAudioRenderer initOpenAL
信息: Audio Renderer Information
 * Device: OpenAL Soft
 * Vendor: OpenAL Community
 * Renderer: OpenAL Soft
 * Version: 1.1 ALSOFT 1.21.1
 * Supported channels: 64
 * ALC extensions: ALC_ENUMERATE_ALL_EXT ALC_ENUMERATION_EXT ALC_EXT_CAPTURE ALC_EXT_DEDICATED ALC_EXT_disconnect ALC_EXT_EFX ALC_EXT_thread_local_context ALC_SOFT_device_clock ALC_SOFT_HRTF ALC_SOFT_loopback ALC_SOFT_loopback_bformat ALC_SOFT_output_limiter ALC_SOFT_pause_device
 * AL extensions: AL_EXT_ALAW AL_EXT_BFORMAT AL_EXT_DOUBLE AL_EXT_EXPONENT_DISTANCE AL_EXT_FLOAT32 AL_EXT_IMA4 AL_EXT_LINEAR_DISTANCE AL_EXT_MCFORMATS AL_EXT_MULAW AL_EXT_MULAW_BFORMAT AL_EXT_MULAW_MCFORMATS AL_EXT_OFFSET AL_EXT_source_distance_model AL_EXT_SOURCE_RADIUS AL_EXT_STEREO_ANGLES AL_LOKI_quadriphonic AL_SOFT_bformat_ex AL_SOFTX_bformat_hoa AL_SOFT_block_alignment AL_SOFTX_callback_buffer AL_SOFTX_convolution_reverb AL_SOFT_deferred_updates AL_SOFT_direct_channels AL_SOFT_direct_channels_remix AL_SOFT_effect_target AL_SOFT_events AL_SOFTX_filter_gain_ex AL_SOFT_gain_clamp_ex AL_SOFT_loop_points AL_SOFTX_map_buffer AL_SOFT_MSADPCM AL_SOFT_source_latency AL_SOFT_source_length AL_SOFT_source_resampler AL_SOFT_source_spatialize
8月 22, 2025 12:00:30 上午 com.jme3.audio.openal.ALAudioRenderer initOpenAL
信息: Audio effect extension version: 1.0
8月 22, 2025 12:00:30 上午 com.jme3.audio.openal.ALAudioRenderer initOpenAL
信息: Audio max auxiliary sends: 2
🚀 Hecate游戏启动中...
💡 光照系统已设置: 环境光30% + 方向光80%
🔧 初始化碰撞系统...
✅ 碰撞系统初始化完成
🔧 初始化模块系统...
🌍 世界模块: 初始化中...
🎨 BlockTextureManager 创建完成
🎨 定义方块纹理: stone -> SINGLE
🎨 定义方块纹理: stone -> SINGLE
🎨 定义方块纹理: dirt -> SINGLE
🎨 定义方块纹理: dirt -> SINGLE
🎨 定义方块纹理: glass -> SINGLE
🎨 定义方块纹理: glass -> SINGLE
🎨 定义方块纹理: cobblestone -> SINGLE
🎨 定义方块纹理: cobblestone -> SINGLE
🎨 定义方块纹理: wood -> SINGLE
🎨 定义方块纹理: wood -> SINGLE
🎨 定义方块纹理: grass -> THREE_TEXTURE
🎨 定义方块纹理: grass -> THREE_TEXTURE
🎨 定义方块纹理: air -> SINGLE
🎨 定义方块纹理: air -> SINGLE
🎮 初始化默认方块...
🎨 定义方块纹理: air -> SINGLE
🎨 定义方块纹理: dirt -> SINGLE
🎨 定义方块纹理: stone -> SINGLE
🎨 定义方块纹理: grass -> THREE_TEXTURE
🎨 定义方块纹理: glass -> SINGLE
🎨 定义方块纹理: wood -> SINGLE
🎨 定义方块纹理: cobblestone -> SINGLE
🧊 创建方块: air (透明:true)
🎮 注册方块: air (空气)
🧊 创建方块: dirt (透明:false)
🎮 注册方块: dirt (泥土)
🧊 创建方块: stone (透明:false)
🎮 注册方块: stone (石头)
🧊 创建方块: grass (透明:false)
🎮 注册方块: grass (草方块)
🧊 创建方块: glass (透明:true)
🎮 注册方块: glass (玻璃)
🧊 创建方块: wood (透明:false)
🎮 注册方块: wood (木头)
🧊 创建方块: cobblestone (透明:false)
🎮 注册方块: cobblestone (鹅卵石)
✅ 已注册 7 种方块类型
✅ 世界模块: 基础组件初始化完成
✅ 世界模块初始化完成
玩家控制模块: 初始化中
🔍 正在创建带朝向的玩家方块...
🎨 玩家材质已设置（正面标识待优化）
✅ 带朝向的玩家方块已创建，位置: (0.0, 2.0, 0.0)
🧭 玩家初始朝向: 北方 (0°)
设置玩家输入控制...
✅ 玩家输入控制设置完成（已移除摄像机控制）
🧭 WASD移动将自动调整玩家朝向
📹 摄像机设置: 跟随玩家高度的俯视视角（背后5格，高度偏移3格）
玩家控制模块: 初始化完成
✅ 玩家控制模块初始化完成
🌍 世界模块: 开始生成纯净土方块世界...
🌍 开始生成 10x10 的纯净土方块世界...
🌍 在区块 ChunkPosition{x=-5, y=0, z=-5} 的Y=1层生成土方块
🔍 尝试加载纹理: textures/blocks/dirt.png
🎨 使用缺失纹理（粉红色）
✅ 创建方块材质: dirt
❌ 加载纹理失败: textures/blocks/dirt.png - Asset name doesn't match requirements.
"D:/Learn/cursor/money_project/game/game1/target/classes/Textures/blocks/dirt.png" doesn't match "textures/blocks/dirt.png"
com.jme3.asset.AssetNotFoundException: Asset name doesn't match requirements.
"D:/Learn/cursor/money_project/game/game1/target/classes/Textures/blocks/dirt.png" doesn't match "textures/blocks/dirt.png"
	at com.jme3.asset.plugins.ClasspathLocator.locate(ClasspathLocator.java:120)
	at com.jme3.asset.ImplHandler.tryLocate(ImplHandler.java:173)
	at com.jme3.asset.DesktopAssetManager.loadAsset(DesktopAssetManager.java:374)
	at com.jme3.asset.DesktopAssetManager.loadTexture(DesktopAssetManager.java:407)
	at com.jme3.asset.DesktopAssetManager.loadTexture(DesktopAssetManager.java:419)
	at com.Hecate.texture.BlockTextureManager.applySingleTexture(BlockTextureManager.java:125)
	at com.Hecate.texture.BlockTextureManager.createBlockMaterial(BlockTextureManager.java:95)
	at com.Hecate.module.world.WorldModule.createBlockGeometry(WorldModule.java:183)
	at com.Hecate.module.world.WorldModule.renderChunk(WorldModule.java:161)
	at com.Hecate.module.world.WorldModule.generatePureDirtWorld(WorldModule.java:126)
	at com.Hecate.module.world.WorldModule.onPostInitialize(WorldModule.java:78)
	at com.Hecate.Main.initializeModules(Main.java:128)
	at com.Hecate.Main.simpleInitApp(Main.java:77)
	at com.jme3.app.SimpleApplication.initialize(SimpleApplication.java:240)
	at com.jme3.system.lwjgl.LwjglWindow.initInThread(LwjglWindow.java:548)
	at com.jme3.system.lwjgl.LwjglWindow.run(LwjglWindow.java:662)
	at java.base/java.lang.Thread.run(Thread.java:840)
🌍 在区块 ChunkPosition{x=-5, y=0, z=-4} 的Y=1层生成土方块
🌍 在区块 ChunkPosition{x=-5, y=0, z=-3} 的Y=1层生成土方块
🌍 在区块 ChunkPosition{x=-5, y=0, z=-2} 的Y=1层生成土方块
🌍 在区块 ChunkPosition{x=-5, y=0, z=-1} 的Y=1层生成土方块
🌍 在区块 ChunkPosition{x=-5, y=0, z=0} 的Y=1层生成土方块
🌍 在区块 ChunkPosition{x=-5, y=0, z=1} 的Y=1层生成土方块
🌍 在区块 ChunkPosition{x=-5, y=0, z=2} 的Y=1层生成土方块
🌍 在区块 ChunkPosition{x=-5, y=0, z=3} 的Y=1层生成土方块
🌍 在区块 ChunkPosition{x=-5, y=0, z=4} 的Y=1层生成土方块
🌍 在区块 ChunkPosition{x=-4, y=0, z=-5} 的Y=1层生成土方块
🌍 在区块 ChunkPosition{x=-4, y=0, z=-4} 的Y=1层生成土方块
🌍 在区块 ChunkPosition{x=-4, y=0, z=-3} 的Y=1层生成土方块
🌍 在区块 ChunkPosition{x=-4, y=0, z=-2} 的Y=1层生成土方块
🌍 在区块 ChunkPosition{x=-4, y=0, z=-1} 的Y=1层生成土方块
🌍 在区块 ChunkPosition{x=-4, y=0, z=0} 的Y=1层生成土方块
🌍 在区块 ChunkPosition{x=-4, y=0, z=1} 的Y=1层生成土方块
🌍 在区块 ChunkPosition{x=-4, y=0, z=2} 的Y=1层生成土方块
🌍 在区块 ChunkPosition{x=-4, y=0, z=3} 的Y=1层生成土方块
🌍 在区块 ChunkPosition{x=-4, y=0, z=4} 的Y=1层生成土方块
🌍 在区块 ChunkPosition{x=-3, y=0, z=-5} 的Y=1层生成土方块
🌍 在区块 ChunkPosition{x=-3, y=0, z=-4} 的Y=1层生成土方块
🌍 在区块 ChunkPosition{x=-3, y=0, z=-3} 的Y=1层生成土方块
🌍 在区块 ChunkPosition{x=-3, y=0, z=-2} 的Y=1层生成土方块
🌍 在区块 ChunkPosition{x=-3, y=0, z=-1} 的Y=1层生成土方块
🌍 在区块 ChunkPosition{x=-3, y=0, z=0} 的Y=1层生成土方块
🌍 在区块 ChunkPosition{x=-3, y=0, z=1} 的Y=1层生成土方块
🌍 在区块 ChunkPosition{x=-3, y=0, z=2} 的Y=1层生成土方块
🌍 在区块 ChunkPosition{x=-3, y=0, z=3} 的Y=1层生成土方块
🌍 在区块 ChunkPosition{x=-3, y=0, z=4} 的Y=1层生成土方块
🌍 在区块 ChunkPosition{x=-2, y=0, z=-5} 的Y=1层生成土方块
🌍 在区块 ChunkPosition{x=-2, y=0, z=-4} 的Y=1层生成土方块
🌍 在区块 ChunkPosition{x=-2, y=0, z=-3} 的Y=1层生成土方块
🌍 在区块 ChunkPosition{x=-2, y=0, z=-2} 的Y=1层生成土方块
🌍 在区块 ChunkPosition{x=-2, y=0, z=-1} 的Y=1层生成土方块
🌍 在区块 ChunkPosition{x=-2, y=0, z=0} 的Y=1层生成土方块
🌍 在区块 ChunkPosition{x=-2, y=0, z=1} 的Y=1层生成土方块
🌍 在区块 ChunkPosition{x=-2, y=0, z=2} 的Y=1层生成土方块
🌍 在区块 ChunkPosition{x=-2, y=0, z=3} 的Y=1层生成土方块
🌍 在区块 ChunkPosition{x=-2, y=0, z=4} 的Y=1层生成土方块
🌍 在区块 ChunkPosition{x=-1, y=0, z=-5} 的Y=1层生成土方块
🌍 在区块 ChunkPosition{x=-1, y=0, z=-4} 的Y=1层生成土方块
🌍 在区块 ChunkPosition{x=-1, y=0, z=-3} 的Y=1层生成土方块
🌍 在区块 ChunkPosition{x=-1, y=0, z=-2} 的Y=1层生成土方块
🌍 在区块 ChunkPosition{x=-1, y=0, z=-1} 的Y=1层生成土方块
🌍 在区块 ChunkPosition{x=-1, y=0, z=0} 的Y=1层生成土方块
🌍 在区块 ChunkPosition{x=-1, y=0, z=1} 的Y=1层生成土方块
🌍 在区块 ChunkPosition{x=-1, y=0, z=2} 的Y=1层生成土方块
🌍 在区块 ChunkPosition{x=-1, y=0, z=3} 的Y=1层生成土方块
🌍 在区块 ChunkPosition{x=-1, y=0, z=4} 的Y=1层生成土方块
🌍 在区块 ChunkPosition{x=0, y=0, z=-5} 的Y=1层生成土方块
🌍 在区块 ChunkPosition{x=0, y=0, z=-4} 的Y=1层生成土方块
🌍 在区块 ChunkPosition{x=0, y=0, z=-3} 的Y=1层生成土方块
🌍 在区块 ChunkPosition{x=0, y=0, z=-2} 的Y=1层生成土方块
🌍 在区块 ChunkPosition{x=0, y=0, z=-1} 的Y=1层生成土方块
🌍 在区块 ChunkPosition{x=0, y=0, z=0} 的Y=1层生成土方块
🌍 在区块 ChunkPosition{x=0, y=0, z=1} 的Y=1层生成土方块
🌍 在区块 ChunkPosition{x=0, y=0, z=2} 的Y=1层生成土方块
🌍 在区块 ChunkPosition{x=0, y=0, z=3} 的Y=1层生成土方块
🌍 在区块 ChunkPosition{x=0, y=0, z=4} 的Y=1层生成土方块
🌍 在区块 ChunkPosition{x=1, y=0, z=-5} 的Y=1层生成土方块
🌍 在区块 ChunkPosition{x=1, y=0, z=-4} 的Y=1层生成土方块
🌍 在区块 ChunkPosition{x=1, y=0, z=-3} 的Y=1层生成土方块
🌍 在区块 ChunkPosition{x=1, y=0, z=-2} 的Y=1层生成土方块
🌍 在区块 ChunkPosition{x=1, y=0, z=-1} 的Y=1层生成土方块
🌍 在区块 ChunkPosition{x=1, y=0, z=0} 的Y=1层生成土方块
🌍 在区块 ChunkPosition{x=1, y=0, z=1} 的Y=1层生成土方块
🌍 在区块 ChunkPosition{x=1, y=0, z=2} 的Y=1层生成土方块
🌍 在区块 ChunkPosition{x=1, y=0, z=3} 的Y=1层生成土方块
🌍 在区块 ChunkPosition{x=1, y=0, z=4} 的Y=1层生成土方块
🌍 在区块 ChunkPosition{x=2, y=0, z=-5} 的Y=1层生成土方块
🌍 在区块 ChunkPosition{x=2, y=0, z=-4} 的Y=1层生成土方块
🌍 在区块 ChunkPosition{x=2, y=0, z=-3} 的Y=1层生成土方块
🌍 在区块 ChunkPosition{x=2, y=0, z=-2} 的Y=1层生成土方块
🌍 在区块 ChunkPosition{x=2, y=0, z=-1} 的Y=1层生成土方块
🌍 在区块 ChunkPosition{x=2, y=0, z=0} 的Y=1层生成土方块
🌍 在区块 ChunkPosition{x=2, y=0, z=1} 的Y=1层生成土方块
🌍 在区块 ChunkPosition{x=2, y=0, z=2} 的Y=1层生成土方块
🌍 在区块 ChunkPosition{x=2, y=0, z=3} 的Y=1层生成土方块
🌍 在区块 ChunkPosition{x=2, y=0, z=4} 的Y=1层生成土方块
🌍 在区块 ChunkPosition{x=3, y=0, z=-5} 的Y=1层生成土方块
🌍 在区块 ChunkPosition{x=3, y=0, z=-4} 的Y=1层生成土方块
🌍 在区块 ChunkPosition{x=3, y=0, z=-3} 的Y=1层生成土方块
🌍 在区块 ChunkPosition{x=3, y=0, z=-2} 的Y=1层生成土方块
🌍 在区块 ChunkPosition{x=3, y=0, z=-1} 的Y=1层生成土方块
🌍 在区块 ChunkPosition{x=3, y=0, z=0} 的Y=1层生成土方块
🌍 在区块 ChunkPosition{x=3, y=0, z=1} 的Y=1层生成土方块
🌍 在区块 ChunkPosition{x=3, y=0, z=2} 的Y=1层生成土方块
🌍 在区块 ChunkPosition{x=3, y=0, z=3} 的Y=1层生成土方块
🌍 在区块 ChunkPosition{x=3, y=0, z=4} 的Y=1层生成土方块
🌍 在区块 ChunkPosition{x=4, y=0, z=-5} 的Y=1层生成土方块
🌍 在区块 ChunkPosition{x=4, y=0, z=-4} 的Y=1层生成土方块
🌍 在区块 ChunkPosition{x=4, y=0, z=-3} 的Y=1层生成土方块
🌍 在区块 ChunkPosition{x=4, y=0, z=-2} 的Y=1层生成土方块
🌍 在区块 ChunkPosition{x=4, y=0, z=-1} 的Y=1层生成土方块
🌍 在区块 ChunkPosition{x=4, y=0, z=0} 的Y=1层生成土方块
🌍 在区块 ChunkPosition{x=4, y=0, z=1} 的Y=1层生成土方块
🌍 在区块 ChunkPosition{x=4, y=0, z=2} 的Y=1层生成土方块
🌍 在区块 ChunkPosition{x=4, y=0, z=3} 的Y=1层生成土方块
🌍 在区块 ChunkPosition{x=4, y=0, z=4} 的Y=1层生成土方块
✅ 纯净土方块世界生成完成！
📊 统计信息:
   区块数量: 100
   土方块数量: 25600
   世界尺寸: 160x1x160 方块
✅ 世界模块: 纯净土方块世界生成完成
成功获取世界节点
等待ChunkManager和WorldNode初始化...
✅ 模块后初始化完成
🎯 初始化指针系统...
➕ 十字线已创建
📊 信息显示已创建
🌟 高亮材质已创建
✅ 指针UI界面已创建
🎯 指针系统已初始化
📏 指针射程: 8.0 格
✅ 指针系统初始化完成
🧭 玩家朝向控制: WASD自动调整
🎯 射线起点: 玩家中心向前
🔫 武器联动: 已预留接口
🔗 连接系统组件...
✅ CollisionManager已连接到ChunkManager
✅ 碰撞系统已连接到世界系统
PlayerControlModule: 接收到ChunkManager
方块交互系统初始化完成
PlayerControlModule: 接收到WorldNode
方块交互系统初始化完成
✅ 玩家碰撞系统已启用
✅ 玩家控制器已连接到碰撞系统
✅ 玩家控制模块已连接到世界模块
✅ 指针系统已就绪，等待武器系统连接
✅ Hecate游戏启动完成！
📋 控制说明:
   WASD - 移动 (自动调整朝向)
   空格 - 跳跃
   鼠标 - 控制相机
   滚轮 - 缩放相机
   R键 - 重置相机
   左键 - 破坏方块
   右键 - 放置方块
   1234 - 选择方块类型
🎯 指针系统:
   十字线 - 显示瞄准点
   黄色框 - 高亮目标方块
   左上角 - 显示朝向和目标信息
🔍 碰撞检测范围: Y=-2 到 Y=-1 (地面在Y=1)
🧍 玩家位置: (0.0, -27.731625, 0.0), 速度Y: -33.069706
📦 碰撞盒: (-0.5, -28.481625, -0.5) -> (0.5, -26.981625, 0.5)
💥 垂直碰撞检测: false
🧍 玩家位置: (0.0, -70.27741, 0.0), 速度Y: -52.920486
📦 碰撞盒: (-0.5, -71.02741, -0.5) -> (0.5, -69.52741, 0.5)
💥 垂直碰撞检测: false
🧍 玩家位置: (0.0, -70.78605, 0.0), 速度Y: -53.092186
📦 碰撞盒: (-0.5, -71.53605, -0.5) -> (0.5, -70.03605, 0.5)
💥 垂直碰撞检测: false
🛑 Hecate游戏正在关闭...
🎯 指针系统已清理
玩家控制模块: 正在禁用
🌍 世界模块: 正在禁用
✅ Hecate游戏已安全关闭
Disconnected from the target VM, address: '127.0.0.1:63685', transport: 'socket'

Process finished with exit code 0
